u are choosing to use mappo, we set use_recurrent_policy & use_naive_recurrent_policy to be False
choose to use cpu...
obs_space:  [Box([-inf -inf -inf -inf -inf -inf -inf -inf -inf -inf -inf -inf], [inf inf inf inf inf inf inf inf inf inf inf inf], (12,), float32), Box([-inf -inf -inf -inf -inf -inf -inf -inf -inf -inf -inf -inf], [inf inf inf inf inf inf inf inf inf inf inf inf], (12,), float32)]
share_obs_space:  [Box([-inf -inf -inf -inf -inf -inf -inf -inf -inf -inf -inf -inf -inf -inf
 -inf -inf -inf -inf -inf -inf -inf -inf -inf -inf], [inf inf inf inf inf inf inf inf inf inf inf inf inf inf inf inf inf inf
 inf inf inf inf inf inf], (24,), float32), Box([-inf -inf -inf -inf -inf -inf -inf -inf -inf -inf -inf -inf -inf -inf
 -inf -inf -inf -inf -inf -inf -inf -inf -inf -inf], [inf inf inf inf inf inf inf inf inf inf inf inf inf inf inf inf inf inf
 inf inf inf inf inf inf], (24,), float32)]
act_space:  [Discrete(5), Discrete(5)]

 Scenario simple_spread Algo mappo Exp worker128 updates 0/625 episodes, total num timesteps 3200/2000000, FPS 6623.

average episode rewards is -128.512939453125
eval average episode rewards of agent: -100.62860398271911
eval success rate: 0.0

 Scenario simple_spread Algo mappo Exp worker128 updates 5/625 episodes, total num timesteps 19200/2000000, FPS 12464.

average episode rewards is -103.69229125976562

 Scenario simple_spread Algo mappo Exp worker128 updates 10/625 episodes, total num timesteps 35200/2000000, FPS 14151.

average episode rewards is -100.41859436035156
eval average episode rewards of agent: -99.97326217243244
eval success rate: 0.0

 Scenario simple_spread Algo mappo Exp worker128 updates 15/625 episodes, total num timesteps 51200/2000000, FPS 14771.

average episode rewards is -101.6219711303711

 Scenario simple_spread Algo mappo Exp worker128 updates 20/625 episodes, total num timesteps 67200/2000000, FPS 15155.

average episode rewards is -99.97990417480469
eval average episode rewards of agent: -108.47950650188918
eval success rate: 0.0

 Scenario simple_spread Algo mappo Exp worker128 updates 25/625 episodes, total num timesteps 83200/2000000, FPS 15385.

average episode rewards is -96.20864868164062

 Scenario simple_spread Algo mappo Exp worker128 updates 30/625 episodes, total num timesteps 99200/2000000, FPS 15568.

average episode rewards is -99.38485717773438
eval average episode rewards of agent: -111.6166312408856
eval success rate: 0.0

 Scenario simple_spread Algo mappo Exp worker128 updates 35/625 episodes, total num timesteps 115200/2000000, FPS 15649.

average episode rewards is -97.76904296875

 Scenario simple_spread Algo mappo Exp worker128 updates 40/625 episodes, total num timesteps 131200/2000000, FPS 15749.

average episode rewards is -99.2945556640625
eval average episode rewards of agent: -99.48836827346494
eval success rate: 0.0

 Scenario simple_spread Algo mappo Exp worker128 updates 45/625 episodes, total num timesteps 147200/2000000, FPS 15787.

average episode rewards is -97.42337799072266

 Scenario simple_spread Algo mappo Exp worker128 updates 50/625 episodes, total num timesteps 163200/2000000, FPS 15856.

average episode rewards is -95.22259521484375
eval average episode rewards of agent: -93.9620928673708
eval success rate: 0.0

 Scenario simple_spread Algo mappo Exp worker128 updates 55/625 episodes, total num timesteps 179200/2000000, FPS 15854.

average episode rewards is -95.82360076904297

 Scenario simple_spread Algo mappo Exp worker128 updates 60/625 episodes, total num timesteps 195200/2000000, FPS 15754.

average episode rewards is -95.98029327392578
eval average episode rewards of agent: -97.19218255849871
eval success rate: 0.0

 Scenario simple_spread Algo mappo Exp worker128 updates 65/625 episodes, total num timesteps 211200/2000000, FPS 15751.

average episode rewards is -96.3224868774414

 Scenario simple_spread Algo mappo Exp worker128 updates 70/625 episodes, total num timesteps 227200/2000000, FPS 15737.

average episode rewards is -94.32372283935547
eval average episode rewards of agent: -89.08779445490045
eval success rate: 0.0

 Scenario simple_spread Algo mappo Exp worker128 updates 75/625 episodes, total num timesteps 243200/2000000, FPS 15693.

average episode rewards is -93.54341125488281

 Scenario simple_spread Algo mappo Exp worker128 updates 80/625 episodes, total num timesteps 259200/2000000, FPS 15683.

average episode rewards is -93.68637084960938
eval average episode rewards of agent: -92.87176004171963
eval success rate: 0.0

 Scenario simple_spread Algo mappo Exp worker128 updates 85/625 episodes, total num timesteps 275200/2000000, FPS 15647.

average episode rewards is -90.7559585571289

 Scenario simple_spread Algo mappo Exp worker128 updates 90/625 episodes, total num timesteps 291200/2000000, FPS 15623.

average episode rewards is -93.25128936767578
eval average episode rewards of agent: -93.95529072907702
eval success rate: 0.0

 Scenario simple_spread Algo mappo Exp worker128 updates 95/625 episodes, total num timesteps 307200/2000000, FPS 15597.

average episode rewards is -90.64735412597656

 Scenario simple_spread Algo mappo Exp worker128 updates 100/625 episodes, total num timesteps 323200/2000000, FPS 15579.

average episode rewards is -90.70890808105469
eval average episode rewards of agent: -91.14746056881202
eval success rate: 0.0

 Scenario simple_spread Algo mappo Exp worker128 updates 105/625 episodes, total num timesteps 339200/2000000, FPS 15560.

average episode rewards is -91.93882751464844

 Scenario simple_spread Algo mappo Exp worker128 updates 110/625 episodes, total num timesteps 355200/2000000, FPS 15511.

average episode rewards is -89.12986755371094
eval average episode rewards of agent: -89.894734015415
eval success rate: 0.0

 Scenario simple_spread Algo mappo Exp worker128 updates 115/625 episodes, total num timesteps 371200/2000000, FPS 15493.

average episode rewards is -88.46238708496094

 Scenario simple_spread Algo mappo Exp worker128 updates 120/625 episodes, total num timesteps 387200/2000000, FPS 15492.

average episode rewards is -88.52550506591797
eval average episode rewards of agent: -84.76638365860381
eval success rate: 0.0

 Scenario simple_spread Algo mappo Exp worker128 updates 125/625 episodes, total num timesteps 403200/2000000, FPS 15473.

average episode rewards is -87.0399169921875

 Scenario simple_spread Algo mappo Exp worker128 updates 130/625 episodes, total num timesteps 419200/2000000, FPS 15465.

average episode rewards is -86.39901733398438
eval average episode rewards of agent: -88.6564962842378
eval success rate: 0.0

 Scenario simple_spread Algo mappo Exp worker128 updates 135/625 episodes, total num timesteps 435200/2000000, FPS 15450.

average episode rewards is -87.90872192382812

 Scenario simple_spread Algo mappo Exp worker128 updates 140/625 episodes, total num timesteps 451200/2000000, FPS 15452.

average episode rewards is -89.14225769042969
eval average episode rewards of agent: -91.1582695476753
eval success rate: 0.0

 Scenario simple_spread Algo mappo Exp worker128 updates 145/625 episodes, total num timesteps 467200/2000000, FPS 15439.

average episode rewards is -88.29144287109375

 Scenario simple_spread Algo mappo Exp worker128 updates 150/625 episodes, total num timesteps 483200/2000000, FPS 15431.

average episode rewards is -88.86006164550781
eval average episode rewards of agent: -87.49369645991517
eval success rate: 0.0

 Scenario simple_spread Algo mappo Exp worker128 updates 155/625 episodes, total num timesteps 499200/2000000, FPS 15415.

average episode rewards is -90.1871337890625

 Scenario simple_spread Algo mappo Exp worker128 updates 160/625 episodes, total num timesteps 515200/2000000, FPS 15414.

average episode rewards is -88.66607666015625
eval average episode rewards of agent: -89.12152448174834
eval success rate: 0.0

 Scenario simple_spread Algo mappo Exp worker128 updates 165/625 episodes, total num timesteps 531200/2000000, FPS 15373.

average episode rewards is -87.14603424072266

 Scenario simple_spread Algo mappo Exp worker128 updates 170/625 episodes, total num timesteps 547200/2000000, FPS 15375.

average episode rewards is -87.97923278808594
eval average episode rewards of agent: -84.0493870723443
eval success rate: 0.0

 Scenario simple_spread Algo mappo Exp worker128 updates 175/625 episodes, total num timesteps 563200/2000000, FPS 15365.

average episode rewards is -88.65410614013672

 Scenario simple_spread Algo mappo Exp worker128 updates 180/625 episodes, total num timesteps 579200/2000000, FPS 15368.

average episode rewards is -86.79991149902344
eval average episode rewards of agent: -82.32153174830795
eval success rate: 0.0

 Scenario simple_spread Algo mappo Exp worker128 updates 185/625 episodes, total num timesteps 595200/2000000, FPS 15353.

average episode rewards is -87.08460998535156

 Scenario simple_spread Algo mappo Exp worker128 updates 190/625 episodes, total num timesteps 611200/2000000, FPS 15352.

average episode rewards is -86.8731689453125
eval average episode rewards of agent: -81.94237295694188
eval success rate: 0.0

 Scenario simple_spread Algo mappo Exp worker128 updates 195/625 episodes, total num timesteps 627200/2000000, FPS 15348.

average episode rewards is -88.5411376953125

 Scenario simple_spread Algo mappo Exp worker128 updates 200/625 episodes, total num timesteps 643200/2000000, FPS 15351.

average episode rewards is -90.75009155273438
eval average episode rewards of agent: -90.3918406823996
eval success rate: 0.0

 Scenario simple_spread Algo mappo Exp worker128 updates 205/625 episodes, total num timesteps 659200/2000000, FPS 15340.

average episode rewards is -86.52391052246094

 Scenario simple_spread Algo mappo Exp worker128 updates 210/625 episodes, total num timesteps 675200/2000000, FPS 15342.

average episode rewards is -89.6441879272461
eval average episode rewards of agent: -83.85234196485965
eval success rate: 0.0

 Scenario simple_spread Algo mappo Exp worker128 updates 215/625 episodes, total num timesteps 691200/2000000, FPS 15337.

average episode rewards is -87.91874694824219

 Scenario simple_spread Algo mappo Exp worker128 updates 220/625 episodes, total num timesteps 707200/2000000, FPS 15315.

average episode rewards is -85.52523803710938
eval average episode rewards of agent: -87.02954816568713
eval success rate: 0.0

 Scenario simple_spread Algo mappo Exp worker128 updates 225/625 episodes, total num timesteps 723200/2000000, FPS 15314.

average episode rewards is -86.59200286865234

 Scenario simple_spread Algo mappo Exp worker128 updates 230/625 episodes, total num timesteps 739200/2000000, FPS 15318.

average episode rewards is -86.4113998413086
eval average episode rewards of agent: -87.62178861063757
eval success rate: 0.0

 Scenario simple_spread Algo mappo Exp worker128 updates 235/625 episodes, total num timesteps 755200/2000000, FPS 15311.

average episode rewards is -90.11880493164062

 Scenario simple_spread Algo mappo Exp worker128 updates 240/625 episodes, total num timesteps 771200/2000000, FPS 15309.

average episode rewards is -86.07765197753906
eval average episode rewards of agent: -83.68570482674208
eval success rate: 0.0

 Scenario simple_spread Algo mappo Exp worker128 updates 245/625 episodes, total num timesteps 787200/2000000, FPS 15301.

average episode rewards is -86.55928802490234

 Scenario simple_spread Algo mappo Exp worker128 updates 250/625 episodes, total num timesteps 803200/2000000, FPS 15301.

average episode rewards is -87.23055267333984
eval average episode rewards of agent: -85.93256661774751
eval success rate: 0.0

 Scenario simple_spread Algo mappo Exp worker128 updates 255/625 episodes, total num timesteps 819200/2000000, FPS 15296.

average episode rewards is -85.74748229980469

 Scenario simple_spread Algo mappo Exp worker128 updates 260/625 episodes, total num timesteps 835200/2000000, FPS 15294.

average episode rewards is -86.8131103515625
eval average episode rewards of agent: -84.74949760085858
eval success rate: 0.0

 Scenario simple_spread Algo mappo Exp worker128 updates 265/625 episodes, total num timesteps 851200/2000000, FPS 15290.

average episode rewards is -85.46378326416016

 Scenario simple_spread Algo mappo Exp worker128 updates 270/625 episodes, total num timesteps 867200/2000000, FPS 15271.

average episode rewards is -85.56424713134766
eval average episode rewards of agent: -86.33708085354735
eval success rate: 0.0

 Scenario simple_spread Algo mappo Exp worker128 updates 275/625 episodes, total num timesteps 883200/2000000, FPS 15268.

average episode rewards is -85.00138854980469

 Scenario simple_spread Algo mappo Exp worker128 updates 280/625 episodes, total num timesteps 899200/2000000, FPS 15271.

average episode rewards is -85.74234008789062
eval average episode rewards of agent: -90.39475246996503
eval success rate: 0.0

 Scenario simple_spread Algo mappo Exp worker128 updates 285/625 episodes, total num timesteps 915200/2000000, FPS 15273.

average episode rewards is -85.4605712890625

 Scenario simple_spread Algo mappo Exp worker128 updates 290/625 episodes, total num timesteps 931200/2000000, FPS 15271.

average episode rewards is -87.15589904785156
eval average episode rewards of agent: -88.35925815992653
eval success rate: 0.0

 Scenario simple_spread Algo mappo Exp worker128 updates 295/625 episodes, total num timesteps 947200/2000000, FPS 15266.

average episode rewards is -86.00892639160156

 Scenario simple_spread Algo mappo Exp worker128 updates 300/625 episodes, total num timesteps 963200/2000000, FPS 15265.

average episode rewards is -86.59979248046875
eval average episode rewards of agent: -86.87400480733336
eval success rate: 0.0

 Scenario simple_spread Algo mappo Exp worker128 updates 305/625 episodes, total num timesteps 979200/2000000, FPS 15264.

average episode rewards is -84.76864624023438

 Scenario simple_spread Algo mappo Exp worker128 updates 310/625 episodes, total num timesteps 995200/2000000, FPS 15270.

average episode rewards is -85.14287567138672
eval average episode rewards of agent: -82.2974394786335
eval success rate: 0.0

 Scenario simple_spread Algo mappo Exp worker128 updates 315/625 episodes, total num timesteps 1011200/2000000, FPS 15257.

average episode rewards is -86.64750671386719

 Scenario simple_spread Algo mappo Exp worker128 updates 320/625 episodes, total num timesteps 1027200/2000000, FPS 15261.

average episode rewards is -85.11024475097656
eval average episode rewards of agent: -82.72396941832702
eval success rate: 0.0

 Scenario simple_spread Algo mappo Exp worker128 updates 325/625 episodes, total num timesteps 1043200/2000000, FPS 15244.

average episode rewards is -85.19441223144531

 Scenario simple_spread Algo mappo Exp worker128 updates 330/625 episodes, total num timesteps 1059200/2000000, FPS 15242.

average episode rewards is -84.71304321289062
eval average episode rewards of agent: -79.83825622953783
eval success rate: 0.0

 Scenario simple_spread Algo mappo Exp worker128 updates 335/625 episodes, total num timesteps 1075200/2000000, FPS 15240.

average episode rewards is -84.8864974975586

 Scenario simple_spread Algo mappo Exp worker128 updates 340/625 episodes, total num timesteps 1091200/2000000, FPS 15243.

average episode rewards is -83.90609741210938
eval average episode rewards of agent: -82.36436994705261
eval success rate: 0.0

 Scenario simple_spread Algo mappo Exp worker128 updates 345/625 episodes, total num timesteps 1107200/2000000, FPS 15244.

average episode rewards is -83.32994079589844

 Scenario simple_spread Algo mappo Exp worker128 updates 350/625 episodes, total num timesteps 1123200/2000000, FPS 15249.

average episode rewards is -84.04476928710938
eval average episode rewards of agent: -86.13007082847096
eval success rate: 0.0

 Scenario simple_spread Algo mappo Exp worker128 updates 355/625 episodes, total num timesteps 1139200/2000000, FPS 15247.

average episode rewards is -84.26002502441406

 Scenario simple_spread Algo mappo Exp worker128 updates 360/625 episodes, total num timesteps 1155200/2000000, FPS 15251.

average episode rewards is -83.10870361328125
eval average episode rewards of agent: -84.21892538360893
eval success rate: 0.0

 Scenario simple_spread Algo mappo Exp worker128 updates 365/625 episodes, total num timesteps 1171200/2000000, FPS 15254.

average episode rewards is -83.79243469238281

 Scenario simple_spread Algo mappo Exp worker128 updates 370/625 episodes, total num timesteps 1187200/2000000, FPS 15253.

average episode rewards is -84.93103790283203
eval average episode rewards of agent: -86.71849503173794
eval success rate: 0.0

 Scenario simple_spread Algo mappo Exp worker128 updates 375/625 episodes, total num timesteps 1203200/2000000, FPS 15251.

average episode rewards is -83.1784439086914

 Scenario simple_spread Algo mappo Exp worker128 updates 380/625 episodes, total num timesteps 1219200/2000000, FPS 15236.

average episode rewards is -81.16617584228516
eval average episode rewards of agent: -84.46434070380376
eval success rate: 0.0

 Scenario simple_spread Algo mappo Exp worker128 updates 385/625 episodes, total num timesteps 1235200/2000000, FPS 15233.

average episode rewards is -83.1643295288086

 Scenario simple_spread Algo mappo Exp worker128 updates 390/625 episodes, total num timesteps 1251200/2000000, FPS 15237.

average episode rewards is -83.71842193603516
eval average episode rewards of agent: -84.93226470049004
eval success rate: 0.0

 Scenario simple_spread Algo mappo Exp worker128 updates 395/625 episodes, total num timesteps 1267200/2000000, FPS 15232.

average episode rewards is -80.20361328125

 Scenario simple_spread Algo mappo Exp worker128 updates 400/625 episodes, total num timesteps 1283200/2000000, FPS 15233.

average episode rewards is -83.92424011230469
eval average episode rewards of agent: -81.13389917082357
eval success rate: 0.0

 Scenario simple_spread Algo mappo Exp worker128 updates 405/625 episodes, total num timesteps 1299200/2000000, FPS 15230.

average episode rewards is -82.90911865234375

 Scenario simple_spread Algo mappo Exp worker128 updates 410/625 episodes, total num timesteps 1315200/2000000, FPS 15232.

average episode rewards is -82.40725708007812
eval average episode rewards of agent: -82.04810467257992
eval success rate: 0.0

 Scenario simple_spread Algo mappo Exp worker128 updates 415/625 episodes, total num timesteps 1331200/2000000, FPS 15227.

average episode rewards is -82.75442504882812

 Scenario simple_spread Algo mappo Exp worker128 updates 420/625 episodes, total num timesteps 1347200/2000000, FPS 15224.

average episode rewards is -80.86864471435547
eval average episode rewards of agent: -81.02216943609544
eval success rate: 0.0

 Scenario simple_spread Algo mappo Exp worker128 updates 425/625 episodes, total num timesteps 1363200/2000000, FPS 15221.

average episode rewards is -83.07591247558594

 Scenario simple_spread Algo mappo Exp worker128 updates 430/625 episodes, total num timesteps 1379200/2000000, FPS 15212.

average episode rewards is -81.252685546875
eval average episode rewards of agent: -83.1324522023084
eval success rate: 0.0

 Scenario simple_spread Algo mappo Exp worker128 updates 435/625 episodes, total num timesteps 1395200/2000000, FPS 15214.

average episode rewards is -82.97759246826172

 Scenario simple_spread Algo mappo Exp worker128 updates 440/625 episodes, total num timesteps 1411200/2000000, FPS 15214.

average episode rewards is -81.11824035644531
eval average episode rewards of agent: -82.1383983183918
eval success rate: 0.0

 Scenario simple_spread Algo mappo Exp worker128 updates 445/625 episodes, total num timesteps 1427200/2000000, FPS 15212.

average episode rewards is -83.51602172851562

 Scenario simple_spread Algo mappo Exp worker128 updates 450/625 episodes, total num timesteps 1443200/2000000, FPS 15216.

average episode rewards is -82.10139465332031
eval average episode rewards of agent: -83.22589063324583
eval success rate: 0.0

 Scenario simple_spread Algo mappo Exp worker128 updates 455/625 episodes, total num timesteps 1459200/2000000, FPS 15216.

average episode rewards is -80.28970336914062

 Scenario simple_spread Algo mappo Exp worker128 updates 460/625 episodes, total num timesteps 1475200/2000000, FPS 15218.

average episode rewards is -80.79049682617188
eval average episode rewards of agent: -83.33992246911671
eval success rate: 0.0

 Scenario simple_spread Algo mappo Exp worker128 updates 465/625 episodes, total num timesteps 1491200/2000000, FPS 15215.

average episode rewards is -82.0369873046875

 Scenario simple_spread Algo mappo Exp worker128 updates 470/625 episodes, total num timesteps 1507200/2000000, FPS 15215.

average episode rewards is -82.99488830566406
eval average episode rewards of agent: -82.48360514007463
eval success rate: 0.0

 Scenario simple_spread Algo mappo Exp worker128 updates 475/625 episodes, total num timesteps 1523200/2000000, FPS 15215.

average episode rewards is -81.69037628173828

 Scenario simple_spread Algo mappo Exp worker128 updates 480/625 episodes, total num timesteps 1539200/2000000, FPS 15217.

average episode rewards is -82.42906951904297
eval average episode rewards of agent: -85.14927109483044
eval success rate: 0.0

 Scenario simple_spread Algo mappo Exp worker128 updates 485/625 episodes, total num timesteps 1555200/2000000, FPS 15207.

average episode rewards is -80.38079833984375

 Scenario simple_spread Algo mappo Exp worker128 updates 490/625 episodes, total num timesteps 1571200/2000000, FPS 15204.

average episode rewards is -80.73087310791016
eval average episode rewards of agent: -80.07820207494936
eval success rate: 0.0

 Scenario simple_spread Algo mappo Exp worker128 updates 495/625 episodes, total num timesteps 1587200/2000000, FPS 15203.

average episode rewards is -80.22592163085938

 Scenario simple_spread Algo mappo Exp worker128 updates 500/625 episodes, total num timesteps 1603200/2000000, FPS 15205.

average episode rewards is -80.92911529541016
eval average episode rewards of agent: -76.85970626265893
eval success rate: 0.0

 Scenario simple_spread Algo mappo Exp worker128 updates 505/625 episodes, total num timesteps 1619200/2000000, FPS 15201.

average episode rewards is -81.75562286376953

 Scenario simple_spread Algo mappo Exp worker128 updates 510/625 episodes, total num timesteps 1635200/2000000, FPS 15202.

average episode rewards is -82.6607894897461
eval average episode rewards of agent: -81.8818976170975
eval success rate: 0.0

 Scenario simple_spread Algo mappo Exp worker128 updates 515/625 episodes, total num timesteps 1651200/2000000, FPS 15201.

average episode rewards is -81.1044692993164

 Scenario simple_spread Algo mappo Exp worker128 updates 520/625 episodes, total num timesteps 1667200/2000000, FPS 15203.

average episode rewards is -83.00691223144531
eval average episode rewards of agent: -83.55933634683824
eval success rate: 0.0

 Scenario simple_spread Algo mappo Exp worker128 updates 525/625 episodes, total num timesteps 1683200/2000000, FPS 15198.

average episode rewards is -80.54154968261719

 Scenario simple_spread Algo mappo Exp worker128 updates 530/625 episodes, total num timesteps 1699200/2000000, FPS 15200.

average episode rewards is -81.54125213623047
eval average episode rewards of agent: -83.89606715374562
eval success rate: 0.0

 Scenario simple_spread Algo mappo Exp worker128 updates 535/625 episodes, total num timesteps 1715200/2000000, FPS 15198.

average episode rewards is -80.35787200927734

 Scenario simple_spread Algo mappo Exp worker128 updates 540/625 episodes, total num timesteps 1731200/2000000, FPS 15187.

average episode rewards is -79.79442596435547
eval average episode rewards of agent: -76.59561112212972
eval success rate: 0.0

 Scenario simple_spread Algo mappo Exp worker128 updates 545/625 episodes, total num timesteps 1747200/2000000, FPS 15184.

average episode rewards is -79.36156463623047

 Scenario simple_spread Algo mappo Exp worker128 updates 550/625 episodes, total num timesteps 1763200/2000000, FPS 15186.

average episode rewards is -79.73439025878906
eval average episode rewards of agent: -79.38927106778354
eval success rate: 0.0

 Scenario simple_spread Algo mappo Exp worker128 updates 555/625 episodes, total num timesteps 1779200/2000000, FPS 15182.

average episode rewards is -81.24163818359375

 Scenario simple_spread Algo mappo Exp worker128 updates 560/625 episodes, total num timesteps 1795200/2000000, FPS 15183.

average episode rewards is -81.3523178100586
eval average episode rewards of agent: -77.59670220715066
eval success rate: 0.0

 Scenario simple_spread Algo mappo Exp worker128 updates 565/625 episodes, total num timesteps 1811200/2000000, FPS 15185.

average episode rewards is -82.46321868896484

 Scenario simple_spread Algo mappo Exp worker128 updates 570/625 episodes, total num timesteps 1827200/2000000, FPS 15188.

average episode rewards is -79.3077392578125
eval average episode rewards of agent: -78.86185390078626
eval success rate: 0.0

 Scenario simple_spread Algo mappo Exp worker128 updates 575/625 episodes, total num timesteps 1843200/2000000, FPS 15187.

average episode rewards is -79.94866943359375

 Scenario simple_spread Algo mappo Exp worker128 updates 580/625 episodes, total num timesteps 1859200/2000000, FPS 15196.

average episode rewards is -82.92372131347656
eval average episode rewards of agent: -76.48660151619768
eval success rate: 0.0

 Scenario simple_spread Algo mappo Exp worker128 updates 585/625 episodes, total num timesteps 1875200/2000000, FPS 15198.

average episode rewards is -79.47909545898438

 Scenario simple_spread Algo mappo Exp worker128 updates 590/625 episodes, total num timesteps 1891200/2000000, FPS 15190.

average episode rewards is -78.5968246459961
eval average episode rewards of agent: -85.79915854074791
eval success rate: 0.0

 Scenario simple_spread Algo mappo Exp worker128 updates 595/625 episodes, total num timesteps 1907200/2000000, FPS 15193.

average episode rewards is -81.52811431884766

 Scenario simple_spread Algo mappo Exp worker128 updates 600/625 episodes, total num timesteps 1923200/2000000, FPS 15196.

average episode rewards is -81.86198425292969
eval average episode rewards of agent: -79.90713824428511
eval success rate: 0.0

 Scenario simple_spread Algo mappo Exp worker128 updates 605/625 episodes, total num timesteps 1939200/2000000, FPS 15199.

average episode rewards is -82.00495910644531

 Scenario simple_spread Algo mappo Exp worker128 updates 610/625 episodes, total num timesteps 1955200/2000000, FPS 15196.

average episode rewards is -80.71891784667969
eval average episode rewards of agent: -75.87465513903217
eval success rate: 0.0

 Scenario simple_spread Algo mappo Exp worker128 updates 615/625 episodes, total num timesteps 1971200/2000000, FPS 15198.

average episode rewards is -80.05982971191406

 Scenario simple_spread Algo mappo Exp worker128 updates 620/625 episodes, total num timesteps 1987200/2000000, FPS 15198.

average episode rewards is -78.20263671875
eval average episode rewards of agent: -80.51732938033209
eval success rate: 0.0
